Fontconfig error: Cannot load default config file: No such file: (null)
warning: theory_correction_comparison.tex:88: Overfull \hbox (9.99344pt too wide) in alignment at lines 84--88
warning: theory_correction_comparison.tex:92: Overfull \hbox (9.99344pt too wide) in alignment at lines 88--92
warning: theory_correction_comparison.tex:93: Underfull \hbox (badness 10000) in paragraph at lines 93--93
warning: theory_correction_comparison.tex:93: Underfull \hbox (badness 10000) in paragraph at lines 93--93
warning: theory_correction_comparison.tex:94: Underfull \hbox (badness 10000) in paragraph at lines 94--94
warning: theory_correction_comparison.tex:94: Underfull \hbox (badness 10000) in paragraph at lines 94--94
warning: theory_correction_comparison.tex:95: Underfull \hbox (badness 3826) in paragraph at lines 94--95
warning: theory_correction_comparison.tex:95: Underfull \hbox (badness 10000) in paragraph at lines 94--95
warning: theory_correction_comparison.tex:95: Underfull \hbox (badness 8170) in paragraph at lines 94--95
warning: theory_correction_comparison.tex:95: Underfull \hbox (badness 10000) in paragraph at lines 95--95
warning: theory_correction_comparison.tex:95: Underfull \hbox (badness 10000) in paragraph at lines 95--95
warning: theory_correction_comparison.tex:96: Underfull \hbox (badness 10000) in paragraph at lines 96--96
warning: theory_correction_comparison.tex:96: Underfull \hbox (badness 10000) in paragraph at lines 96--96
warning: theory_correction_comparison.tex:96: Underfull \hbox (badness 10000) in paragraph at lines 96--96
warning: theory_correction_comparison.tex:97: Underfull \hbox (badness 2310) in paragraph at lines 97--97
warning: theory_correction_comparison.tex:97: Underfull \hbox (badness 10000) in paragraph at lines 97--97
warning: theory_correction_comparison.tex:97: Underfull \hbox (badness 10000) in paragraph at lines 97--97
warning: theory_correction_comparison.tex:97: Underfull \hbox (badness 10000) in paragraph at lines 97--97
warning: theory_correction_comparison.tex:98: Underfull \hbox (badness 10000) in paragraph at lines 98--98
warning: theory_correction_comparison.tex:98: Underfull \hbox (badness 10000) in paragraph at lines 98--98
warning: theory_correction_comparison.tex:99: Underfull \hbox (badness 10000) in paragraph at lines 98--99
warning: theory_correction_comparison.tex:99: Underfull \hbox (badness 3333) in paragraph at lines 98--99
warning: theory_correction_comparison.tex:99: Underfull \hbox (badness 10000) in paragraph at lines 99--99
warning: theory_correction_comparison.tex:99: Underfull \hbox (badness 10000) in paragraph at lines 99--99
warning: theory_correction_comparison.tex:99: Underfull \hbox (badness 10000) in paragraph at lines 99--99
warning: theory_correction_comparison.tex:100: Underfull \hbox (badness 10000) in paragraph at lines 99--100
warning: theory_correction_comparison.tex:100: Underfull \hbox (badness 10000) in paragraph at lines 100--100
warning: theory_correction_comparison.tex:100: Underfull \hbox (badness 10000) in paragraph at lines 100--100
warning: theory_correction_comparison.tex:100: Underfull \hbox (badness 10000) in paragraph at lines 100--100
warning: theory_correction_comparison.tex:100: Underfull \hbox (badness 10000) in paragraph at lines 100--100
warning: theory_correction_comparison.tex:101: Underfull \hbox (badness 10000) in paragraph at lines 101--101
warning: theory_correction_comparison.tex:101: Underfull \hbox (badness 10000) in paragraph at lines 101--101
warning: theory_correction_comparison.tex:101: Underfull \hbox (badness 10000) in paragraph at lines 101--101
warning: theory_correction_comparison.tex:103: Underfull \hbox (badness 10000) in paragraph at lines 103--103
warning: theory_correction_comparison.tex:103: Underfull \hbox (badness 10000) in paragraph at lines 103--103
warning: theory_correction_comparison.tex:106: Overfull \hbox (9.99344pt too wide) in alignment at lines 92--106
warning: theory_correction_comparison.tex:114: Overfull \hbox (0.48817pt too wide) in alignment at lines 110--114
warning: theory_correction_comparison.tex:118: Overfull \hbox (0.48817pt too wide) in alignment at lines 114--118
warning: theory_correction_comparison.tex:119: Underfull \hbox (badness 10000) in paragraph at lines 119--119
warning: theory_correction_comparison.tex:119: Underfull \hbox (badness 10000) in paragraph at lines 119--119
warning: theory_correction_comparison.tex:119: Underfull \hbox (badness 10000) in paragraph at lines 119--119
warning: theory_correction_comparison.tex:120: Underfull \hbox (badness 10000) in paragraph at lines 120--120
warning: theory_correction_comparison.tex:120: Underfull \hbox (badness 10000) in paragraph at lines 120--120
warning: theory_correction_comparison.tex:121: Underfull \hbox (badness 10000) in paragraph at lines 121--121
warning: theory_correction_comparison.tex:121: Underfull \hbox (badness 10000) in paragraph at lines 121--121
warning: theory_correction_comparison.tex:122: Underfull \hbox (badness 10000) in paragraph at lines 122--122
warning: theory_correction_comparison.tex:122: Underfull \hbox (badness 10000) in paragraph at lines 122--122
warning: theory_correction_comparison.tex:123: Underfull \hbox (badness 10000) in paragraph at lines 123--123
warning: theory_correction_comparison.tex:123: Underfull \hbox (badness 10000) in paragraph at lines 123--123
warning: theory_correction_comparison.tex:124: Underfull \hbox (badness 10000) in paragraph at lines 124--124
warning: theory_correction_comparison.tex:124: Underfull \hbox (badness 10000) in paragraph at lines 124--124
warning: theory_correction_comparison.tex:125: Underfull \hbox (badness 10000) in paragraph at lines 125--125
warning: theory_correction_comparison.tex:125: Underfull \hbox (badness 10000) in paragraph at lines 125--125
warning: theory_correction_comparison.tex:126: Underfull \hbox (badness 10000) in paragraph at lines 125--126
warning: theory_correction_comparison.tex:126: Underfull \hbox (badness 10000) in paragraph at lines 126--126
warning: theory_correction_comparison.tex:126: Underfull \hbox (badness 10000) in paragraph at lines 126--126
warning: theory_correction_comparison.tex:127: Underfull \hbox (badness 10000) in paragraph at lines 127--127
warning: theory_correction_comparison.tex:127: Underfull \hbox (badness 10000) in paragraph at lines 127--127
warning: theory_correction_comparison.tex:128: Underfull \hbox (badness 10000) in paragraph at lines 128--128
warning: theory_correction_comparison.tex:128: Underfull \hbox (badness 10000) in paragraph at lines 128--128
warning: theory_correction_comparison.tex:128: Underfull \hbox (badness 10000) in paragraph at lines 128--128
warning: theory_correction_comparison.tex:129: Underfull \hbox (badness 1496) in paragraph at lines 128--129
warning: theory_correction_comparison.tex:129: Underfull \hbox (badness 10000) in paragraph at lines 129--129
warning: theory_correction_comparison.tex:129: Underfull \hbox (badness 10000) in paragraph at lines 129--129
warning: theory_correction_comparison.tex:130: Underfull \hbox (badness 10000) in paragraph at lines 130--130
warning: theory_correction_comparison.tex:130: Underfull \hbox (badness 10000) in paragraph at lines 130--130
warning: theory_correction_comparison.tex:131: Underfull \hbox (badness 2126) in paragraph at lines 131--131
warning: theory_correction_comparison.tex:131: Underfull \hbox (badness 10000) in paragraph at lines 131--131
warning: theory_correction_comparison.tex:131: Underfull \hbox (badness 10000) in paragraph at lines 131--131
warning: theory_correction_comparison.tex:133: Overfull \hbox (0.48817pt too wide) in alignment at lines 118--133
warning: theory_correction_comparison.tex:144: Overfull \hbox (17.22992pt too wide) in alignment at lines 140--144
warning: theory_correction_comparison.tex:148: Overfull \hbox (17.22992pt too wide) in alignment at lines 144--148
warning: theory_correction_comparison.tex:151: Underfull \hbox (badness 10000) in paragraph at lines 151--151
warning: theory_correction_comparison.tex:152: Overfull \hbox (36.21918pt too wide) in paragraph at lines 152--152
warning: theory_correction_comparison.tex:154: Overfull \hbox (41.46918pt too wide) in paragraph at lines 154--154
warning: theory_correction_comparison.tex:158: Underfull \hbox (badness 10000) in paragraph at lines 158--158
warning: theory_correction_comparison.tex:158: Overfull \hbox (9.96918pt too wide) in paragraph at lines 158--158
warning: theory_correction_comparison.tex:159: Underfull \hbox (badness 1248) in paragraph at lines 158--159
warning: theory_correction_comparison.tex:159: Overfull \hbox (41.46918pt too wide) in paragraph at lines 159--159
warning: theory_correction_comparison.tex:165: Underfull \hbox (badness 10000) in paragraph at lines 165--165
warning: theory_correction_comparison.tex:165: Underfull \hbox (badness 10000) in paragraph at lines 165--165
warning: theory_correction_comparison.tex:166: Underfull \hbox (badness 10000) in paragraph at lines 166--166
warning: theory_correction_comparison.tex:167: Underfull \hbox (badness 10000) in paragraph at lines 167--167
warning: theory_correction_comparison.tex:169: Underfull \hbox (badness 10000) in paragraph at lines 169--169
warning: theory_correction_comparison.tex:171: Underfull \hbox (badness 10000) in paragraph at lines 171--171
warning: theory_correction_comparison.tex:172: Underfull \hbox (badness 10000) in paragraph at lines 172--172
warning: theory_correction_comparison.tex:173: Underfull \hbox (badness 4378) in paragraph at lines 172--173
warning: theory_correction_comparison.tex:173: Underfull \hbox (badness 4913) in paragraph at lines 172--173
warning: theory_correction_comparison.tex:175: Underfull \hbox (badness 10000) in paragraph at lines 175--175
warning: theory_correction_comparison.tex:176: Underfull \hbox (badness 10000) in paragraph at lines 176--176
warning: theory_correction_comparison.tex:180: Underfull \hbox (badness 10000) in paragraph at lines 180--180
warning: theory_correction_comparison.tex:184: Underfull \hbox (badness 10000) in paragraph at lines 184--184
warning: theory_correction_comparison.tex:188: Underfull \hbox (badness 10000) in paragraph at lines 188--188
warning: theory_correction_comparison.tex:190: Underfull \hbox (badness 10000) in paragraph at lines 190--190
warning: theory_correction_comparison.tex:193: Underfull \hbox (badness 6559) in paragraph at lines 193--193
warning: theory_correction_comparison.tex:195: Underfull \hbox (badness 10000) in paragraph at lines 195--195
warning: theory_correction_comparison.tex:197: Underfull \hbox (badness 10000) in paragraph at lines 197--197
warning: theory_correction_comparison.tex:197: Underfull \hbox (badness 10000) in paragraph at lines 197--197
warning: theory_correction_comparison.tex:198: Underfull \hbox (badness 10000) in paragraph at lines 198--198
warning: theory_correction_comparison.tex:198: Underfull \hbox (badness 10000) in paragraph at lines 198--198
warning: theory_correction_comparison.tex:199: Underfull \hbox (badness 10000) in paragraph at lines 199--199
warning: theory_correction_comparison.tex:201: Underfull \hbox (badness 10000) in paragraph at lines 201--201
warning: theory_correction_comparison.tex:202: Underfull \hbox (badness 10000) in paragraph at lines 202--202
warning: theory_correction_comparison.tex:203: Underfull \hbox (badness 10000) in paragraph at lines 203--203
warning: theory_correction_comparison.tex:204: Underfull \hbox (badness 10000) in paragraph at lines 204--204
warning: theory_correction_comparison.tex:206: Overfull \hbox (17.22992pt too wide) in alignment at lines 148--206
warning: theory_correction_comparison.tex:583: Overfull \hbox (2.85907pt too wide) in alignment at lines 579--583
warning: theory_correction_comparison.tex:587: Overfull \hbox (2.85907pt too wide) in alignment at lines 583--587
warning: theory_correction_comparison.tex:589: Overfull \hbox (17.19907pt too wide) in paragraph at lines 589--589
warning: theory_correction_comparison.tex:593: Overfull \hbox (7.08705pt too wide) in paragraph at lines 593--593
warning: theory_correction_comparison.tex:594: Overfull \hbox (21.23906pt too wide) in paragraph at lines 594--594
warning: theory_correction_comparison.tex:596: Overfull \hbox (2.13506pt too wide) in paragraph at lines 596--596
warning: theory_correction_comparison.tex:597: Overfull \hbox (9.56705pt too wide) in paragraph at lines 597--597
warning: theory_correction_comparison.tex:598: Overfull \hbox (23.71906pt too wide) in paragraph at lines 598--598
warning: theory_correction_comparison.tex:606: Overfull \hbox (4.54306pt too wide) in paragraph at lines 606--606
warning: theory_correction_comparison.tex:607: Overfull \hbox (13.26305pt too wide) in paragraph at lines 607--607
warning: theory_correction_comparison.tex:609: Underfull \hbox (badness 1210) in paragraph at lines 608--609
warning: theory_correction_comparison.tex:611: Overfull \hbox (28.73505pt too wide) in paragraph at lines 611--611
warning: theory_correction_comparison.tex:614: Overfull \hbox (2.85907pt too wide) in alignment at lines 587--614
warning: theory_correction_comparison.tex:624: Overfull \hbox (2.27905pt too wide) in paragraph at lines 618--624
warning: theory_correction_comparison.tex:624: Overfull \hbox (73.77156pt too wide) in paragraph at lines 618--624
warning: theory_correction_comparison.tex:88: Overfull \hbox (9.99344pt too wide) in alignment at lines 84--88
warning: theory_correction_comparison.tex:92: Overfull \hbox (9.99344pt too wide) in alignment at lines 88--92
warning: theory_correction_comparison.tex:93: Underfull \hbox (badness 10000) in paragraph at lines 93--93
warning: theory_correction_comparison.tex:93: Underfull \hbox (badness 10000) in paragraph at lines 93--93
warning: theory_correction_comparison.tex:94: Underfull \hbox (badness 10000) in paragraph at lines 94--94
warning: theory_correction_comparison.tex:94: Underfull \hbox (badness 10000) in paragraph at lines 94--94
warning: theory_correction_comparison.tex:95: Underfull \hbox (badness 3826) in paragraph at lines 94--95
warning: theory_correction_comparison.tex:95: Underfull \hbox (badness 10000) in paragraph at lines 94--95
warning: theory_correction_comparison.tex:95: Underfull \hbox (badness 8170) in paragraph at lines 94--95
warning: theory_correction_comparison.tex:95: Underfull \hbox (badness 10000) in paragraph at lines 95--95
warning: theory_correction_comparison.tex:95: Underfull \hbox (badness 10000) in paragraph at lines 95--95
warning: theory_correction_comparison.tex:96: Underfull \hbox (badness 10000) in paragraph at lines 96--96
warning: theory_correction_comparison.tex:96: Underfull \hbox (badness 10000) in paragraph at lines 96--96
warning: theory_correction_comparison.tex:96: Underfull \hbox (badness 10000) in paragraph at lines 96--96
warning: theory_correction_comparison.tex:97: Underfull \hbox (badness 2310) in paragraph at lines 97--97
warning: theory_correction_comparison.tex:97: Underfull \hbox (badness 10000) in paragraph at lines 97--97
warning: theory_correction_comparison.tex:97: Underfull \hbox (badness 10000) in paragraph at lines 97--97
warning: theory_correction_comparison.tex:97: Underfull \hbox (badness 10000) in paragraph at lines 97--97
warning: theory_correction_comparison.tex:98: Underfull \hbox (badness 10000) in paragraph at lines 98--98
warning: theory_correction_comparison.tex:98: Underfull \hbox (badness 10000) in paragraph at lines 98--98
warning: theory_correction_comparison.tex:99: Underfull \hbox (badness 10000) in paragraph at lines 98--99
warning: theory_correction_comparison.tex:99: Underfull \hbox (badness 3333) in paragraph at lines 98--99
warning: theory_correction_comparison.tex:99: Underfull \hbox (badness 10000) in paragraph at lines 99--99
warning: theory_correction_comparison.tex:99: Underfull \hbox (badness 10000) in paragraph at lines 99--99
warning: theory_correction_comparison.tex:99: Underfull \hbox (badness 10000) in paragraph at lines 99--99
warning: theory_correction_comparison.tex:100: Underfull \hbox (badness 10000) in paragraph at lines 99--100
warning: theory_correction_comparison.tex:100: Underfull \hbox (badness 10000) in paragraph at lines 100--100
warning: theory_correction_comparison.tex:100: Underfull \hbox (badness 10000) in paragraph at lines 100--100
warning: theory_correction_comparison.tex:100: Underfull \hbox (badness 10000) in paragraph at lines 100--100
warning: theory_correction_comparison.tex:100: Underfull \hbox (badness 10000) in paragraph at lines 100--100
warning: theory_correction_comparison.tex:101: Underfull \hbox (badness 10000) in paragraph at lines 101--101
warning: theory_correction_comparison.tex:101: Underfull \hbox (badness 10000) in paragraph at lines 101--101
warning: theory_correction_comparison.tex:101: Underfull \hbox (badness 10000) in paragraph at lines 101--101
warning: theory_correction_comparison.tex:103: Underfull \hbox (badness 10000) in paragraph at lines 103--103
warning: theory_correction_comparison.tex:103: Underfull \hbox (badness 10000) in paragraph at lines 103--103
warning: theory_correction_comparison.tex:106: Overfull \hbox (9.99344pt too wide) in alignment at lines 92--106
warning: theory_correction_comparison.tex:114: Overfull \hbox (0.48817pt too wide) in alignment at lines 110--114
warning: theory_correction_comparison.tex:118: Overfull \hbox (0.48817pt too wide) in alignment at lines 114--118
warning: theory_correction_comparison.tex:119: Underfull \hbox (badness 10000) in paragraph at lines 119--119
warning: theory_correction_comparison.tex:119: Underfull \hbox (badness 10000) in paragraph at lines 119--119
warning: theory_correction_comparison.tex:119: Underfull \hbox (badness 10000) in paragraph at lines 119--119
warning: theory_correction_comparison.tex:120: Underfull \hbox (badness 10000) in paragraph at lines 120--120
warning: theory_correction_comparison.tex:120: Underfull \hbox (badness 10000) in paragraph at lines 120--120
warning: theory_correction_comparison.tex:121: Underfull \hbox (badness 10000) in paragraph at lines 121--121
warning: theory_correction_comparison.tex:121: Underfull \hbox (badness 10000) in paragraph at lines 121--121
warning: theory_correction_comparison.tex:122: Underfull \hbox (badness 10000) in paragraph at lines 122--122
warning: theory_correction_comparison.tex:122: Underfull \hbox (badness 10000) in paragraph at lines 122--122
warning: theory_correction_comparison.tex:123: Underfull \hbox (badness 10000) in paragraph at lines 123--123
warning: theory_correction_comparison.tex:123: Underfull \hbox (badness 10000) in paragraph at lines 123--123
warning: theory_correction_comparison.tex:124: Underfull \hbox (badness 10000) in paragraph at lines 124--124
warning: theory_correction_comparison.tex:124: Underfull \hbox (badness 10000) in paragraph at lines 124--124
warning: theory_correction_comparison.tex:125: Underfull \hbox (badness 10000) in paragraph at lines 125--125
warning: theory_correction_comparison.tex:125: Underfull \hbox (badness 10000) in paragraph at lines 125--125
warning: theory_correction_comparison.tex:126: Underfull \hbox (badness 10000) in paragraph at lines 125--126
warning: theory_correction_comparison.tex:126: Underfull \hbox (badness 10000) in paragraph at lines 126--126
warning: theory_correction_comparison.tex:126: Underfull \hbox (badness 10000) in paragraph at lines 126--126
warning: theory_correction_comparison.tex:127: Underfull \hbox (badness 10000) in paragraph at lines 127--127
warning: theory_correction_comparison.tex:127: Underfull \hbox (badness 10000) in paragraph at lines 127--127
warning: theory_correction_comparison.tex:128: Underfull \hbox (badness 10000) in paragraph at lines 128--128
warning: theory_correction_comparison.tex:128: Underfull \hbox (badness 10000) in paragraph at lines 128--128
warning: theory_correction_comparison.tex:128: Underfull \hbox (badness 10000) in paragraph at lines 128--128
warning: theory_correction_comparison.tex:129: Underfull \hbox (badness 1496) in paragraph at lines 128--129
warning: theory_correction_comparison.tex:129: Underfull \hbox (badness 10000) in paragraph at lines 129--129
warning: theory_correction_comparison.tex:129: Underfull \hbox (badness 10000) in paragraph at lines 129--129
warning: theory_correction_comparison.tex:130: Underfull \hbox (badness 10000) in paragraph at lines 130--130
warning: theory_correction_comparison.tex:130: Underfull \hbox (badness 10000) in paragraph at lines 130--130
warning: theory_correction_comparison.tex:131: Underfull \hbox (badness 2126) in paragraph at lines 131--131
warning: theory_correction_comparison.tex:131: Underfull \hbox (badness 10000) in paragraph at lines 131--131
warning: theory_correction_comparison.tex:131: Underfull \hbox (badness 10000) in paragraph at lines 131--131
warning: theory_correction_comparison.tex:133: Overfull \hbox (0.48817pt too wide) in alignment at lines 118--133
warning: theory_correction_comparison.tex:144: Overfull \hbox (17.22992pt too wide) in alignment at lines 140--144
warning: theory_correction_comparison.tex:148: Overfull \hbox (17.22992pt too wide) in alignment at lines 144--148
warning: theory_correction_comparison.tex:151: Underfull \hbox (badness 10000) in paragraph at lines 151--151
warning: theory_correction_comparison.tex:152: Overfull \hbox (36.21918pt too wide) in paragraph at lines 152--152
warning: theory_correction_comparison.tex:154: Overfull \hbox (41.46918pt too wide) in paragraph at lines 154--154
warning: theory_correction_comparison.tex:158: Underfull \hbox (badness 10000) in paragraph at lines 158--158
warning: theory_correction_comparison.tex:158: Overfull \hbox (9.96918pt too wide) in paragraph at lines 158--158
warning: theory_correction_comparison.tex:159: Underfull \hbox (badness 1248) in paragraph at lines 158--159
warning: theory_correction_comparison.tex:159: Overfull \hbox (41.46918pt too wide) in paragraph at lines 159--159
warning: theory_correction_comparison.tex:165: Underfull \hbox (badness 10000) in paragraph at lines 165--165
warning: theory_correction_comparison.tex:165: Underfull \hbox (badness 10000) in paragraph at lines 165--165
warning: theory_correction_comparison.tex:166: Underfull \hbox (badness 10000) in paragraph at lines 166--166
warning: theory_correction_comparison.tex:167: Underfull \hbox (badness 10000) in paragraph at lines 167--167
warning: theory_correction_comparison.tex:169: Underfull \hbox (badness 10000) in paragraph at lines 169--169
warning: theory_correction_comparison.tex:171: Underfull \hbox (badness 10000) in paragraph at lines 171--171
warning: theory_correction_comparison.tex:172: Underfull \hbox (badness 10000) in paragraph at lines 172--172
warning: theory_correction_comparison.tex:173: Underfull \hbox (badness 4378) in paragraph at lines 172--173
warning: theory_correction_comparison.tex:173: Underfull \hbox (badness 4913) in paragraph at lines 172--173
warning: theory_correction_comparison.tex:175: Underfull \hbox (badness 10000) in paragraph at lines 175--175
warning: theory_correction_comparison.tex:176: Underfull \hbox (badness 10000) in paragraph at lines 176--176
warning: theory_correction_comparison.tex:180: Underfull \hbox (badness 10000) in paragraph at lines 180--180
warning: theory_correction_comparison.tex:184: Underfull \hbox (badness 10000) in paragraph at lines 184--184
warning: theory_correction_comparison.tex:188: Underfull \hbox (badness 10000) in paragraph at lines 188--188
warning: theory_correction_comparison.tex:190: Underfull \hbox (badness 10000) in paragraph at lines 190--190
warning: theory_correction_comparison.tex:193: Underfull \hbox (badness 6559) in paragraph at lines 193--193
warning: theory_correction_comparison.tex:195: Underfull \hbox (badness 10000) in paragraph at lines 195--195
warning: theory_correction_comparison.tex:197: Underfull \hbox (badness 10000) in paragraph at lines 197--197
warning: theory_correction_comparison.tex:197: Underfull \hbox (badness 10000) in paragraph at lines 197--197
warning: theory_correction_comparison.tex:198: Underfull \hbox (badness 10000) in paragraph at lines 198--198
warning: theory_correction_comparison.tex:198: Underfull \hbox (badness 10000) in paragraph at lines 198--198
warning: theory_correction_comparison.tex:199: Underfull \hbox (badness 10000) in paragraph at lines 199--199
warning: theory_correction_comparison.tex:201: Underfull \hbox (badness 10000) in paragraph at lines 201--201
warning: theory_correction_comparison.tex:202: Underfull \hbox (badness 10000) in paragraph at lines 202--202
warning: theory_correction_comparison.tex:203: Underfull \hbox (badness 10000) in paragraph at lines 203--203
warning: theory_correction_comparison.tex:204: Underfull \hbox (badness 10000) in paragraph at lines 204--204
warning: theory_correction_comparison.tex:206: Overfull \hbox (17.22992pt too wide) in alignment at lines 148--206
warning: theory_correction_comparison.tex:583: Overfull \hbox (2.85907pt too wide) in alignment at lines 579--583
warning: theory_correction_comparison.tex:587: Overfull \hbox (2.85907pt too wide) in alignment at lines 583--587
warning: theory_correction_comparison.tex:589: Overfull \hbox (17.19907pt too wide) in paragraph at lines 589--589
warning: theory_correction_comparison.tex:593: Overfull \hbox (7.08705pt too wide) in paragraph at lines 593--593
warning: theory_correction_comparison.tex:594: Overfull \hbox (21.23906pt too wide) in paragraph at lines 594--594
warning: theory_correction_comparison.tex:596: Overfull \hbox (2.13506pt too wide) in paragraph at lines 596--596
warning: theory_correction_comparison.tex:597: Overfull \hbox (9.56705pt too wide) in paragraph at lines 597--597
warning: theory_correction_comparison.tex:598: Overfull \hbox (23.71906pt too wide) in paragraph at lines 598--598
warning: theory_correction_comparison.tex:606: Overfull \hbox (4.54306pt too wide) in paragraph at lines 606--606
warning: theory_correction_comparison.tex:607: Overfull \hbox (13.26305pt too wide) in paragraph at lines 607--607
warning: theory_correction_comparison.tex:609: Underfull \hbox (badness 1210) in paragraph at lines 608--609
warning: theory_correction_comparison.tex:611: Overfull \hbox (28.73505pt too wide) in paragraph at lines 611--611
warning: theory_correction_comparison.tex:614: Overfull \hbox (2.85907pt too wide) in alignment at lines 587--614
warning: theory_correction_comparison.tex:624: Overfull \hbox (2.27905pt too wide) in paragraph at lines 618--624
warning: theory_correction_comparison.tex:624: Overfull \hbox (73.77156pt too wide) in paragraph at lines 618--624
warning: warnings were issued by the TeX engine; use --print and/or --keep-logs for details.
