\BOOKMARK [1][-]{section.1}{\376\377\000P\000r\000o\000b\000a\000b\000i\000l\000i\000t\000y\000\040\000s\000p\000a\000c\000e\000,\000\040\000s\000u\000p\000p\000o\000r\000t\000s\000,\000\040\000a\000n\000d\000\040\000n\000o\000t\000a\000t\000i\000o\000n}{}% 1
\BOOKMARK [1][-]{section.2}{\376\377\000M\000a\000r\000k\000o\000v\040\023\000c\000o\000p\000u\000l\000a\000\040\000f\000o\000u\000n\000d\000a\000t\000i\000o\000n\000s}{}% 2
\BOOKMARK [2][-]{subsection.2.1}{\376\377\000A\000b\000s\000o\000l\000u\000t\000e\000l\000y\000\040\000c\000o\000n\000t\000i\000n\000u\000o\000u\000s\000\040\000M\000a\000r\000k\000o\000v\000\040\000c\000o\000p\000u\000l\000a\000s}{section.2}% 3
\BOOKMARK [2][-]{subsection.2.2}{\376\377\000U\000n\000i\000f\000o\000r\000m\000i\000z\000a\000t\000i\000o\000n\000\040\000a\000n\000d\000\040\000e\000x\000a\000c\000t\000\040\000c\000o\000n\000d\000i\000t\000i\000o\000n\000a\000l\000-\000e\000x\000p\000e\000c\000t\000a\000t\000i\000o\000n\000\040\000i\000d\000e\000n\000t\000i\000t\000i\000e\000s}{section.2}% 4
\BOOKMARK [2][-]{subsection.2.3}{\376\377\000G\000e\000n\000e\000r\000a\000t\000o\000r\000s\000\040\000a\000n\000d\000\040\000t\000h\000e\000\040\000t\000r\000u\000e\000-\000m\000a\000r\000t\000i\000n\000g\000a\000l\000e\000\040\000q\000u\000a\000l\000i\000f\000i\000c\000a\000t\000i\000o\000n}{section.2}% 5
\BOOKMARK [2][-]{subsection.2.4}{\376\377\000G\000a\000u\000s\000s\000i\000a\000n\000\040\000a\000n\000d\000\040\000d\000i\000f\000f\000u\000s\000i\000o\000n\000\040\000c\000o\000p\000u\000l\000a\000\040\000g\000e\000n\000e\000r\000a\000t\000o\000r\000s}{section.2}% 6
\BOOKMARK [1][-]{section.3}{\376\377\000C\000o\000r\000r\000e\000c\000t\000\040\000n\000o\000t\000i\000o\000n\000s\000\040\000o\000f\000\040\000m\000e\000a\000n\000\040\000r\000e\000v\000e\000r\000s\000i\000o\000n}{}% 7
\BOOKMARK [2][-]{subsection.3.1}{\376\377\000L\000o\000c\000a\000l\000,\000\040\000c\000o\000n\000d\000i\000t\000i\000o\000n\000a\000l\000,\000\040\000a\000n\000d\000\040\000a\000u\000x\000i\000l\000i\000a\000r\000y\000\040\000n\000o\000t\000i\000o\000n\000s}{section.3}% 8
\BOOKMARK [2][-]{subsection.3.2}{\376\377\000E\000x\000a\000c\000t\000\040\000c\000o\000p\000u\000l\000a\000\040\000a\000n\000d\000\040\000g\000e\000n\000e\000r\000a\000t\000o\000r\000\040\000c\000h\000a\000r\000a\000c\000t\000e\000r\000i\000z\000a\000t\000i\000o\000n\000s}{section.3}% 9
\BOOKMARK [2][-]{subsection.3.3}{\376\377\000S\000t\000a\000t\000i\000o\000n\000a\000r\000y\000\040\000G\000a\000u\000s\000s\000i\000a\000n\000\040\000c\000o\000p\000u\000l\000a\000\040\000a\000n\000d\000\040\000G\000a\000m\000m\000a\000-\000m\000a\000r\000g\000i\000n\000\040\000d\000i\000a\000g\000n\000o\000s\000t\000i\000c\000s}{section.3}% 10
\BOOKMARK [1][-]{section.4}{\376\377\000M\000e\000a\000n\000-\000r\000e\000v\000e\000r\000t\000i\000n\000g\000\040\000m\000o\000n\000o\000t\000o\000n\000e\000\040\000t\000r\000a\000n\000s\000f\000o\000r\000m\000s\000\040\000o\000f\000\040\000d\000i\000f\000f\000u\000s\000i\000o\000n\000s}{}% 11
\BOOKMARK [2][-]{subsection.4.1}{\376\377\000C\000o\000n\000s\000t\000r\000u\000c\000t\000i\000o\000n\000\040\000t\000h\000e\000o\000r\000e\000m\000\040\000a\000n\000d\000\040\000o\000b\000s\000e\000r\000v\000a\000b\000l\000e\000\040\000d\000e\000n\000s\000i\000t\000y}{section.4}% 12
\BOOKMARK [2][-]{subsection.4.2}{\376\377\000O\000U\000\040\000b\000a\000s\000e\000\040\000p\000r\000o\000c\000e\000s\000s}{section.4}% 13
\BOOKMARK [2][-]{subsection.4.3}{\376\377\000C\000I\000R\000\040\000b\000a\000s\000e\000\040\000p\000r\000o\000c\000e\000s\000s}{section.4}% 14
\BOOKMARK [2][-]{subsection.4.4}{\376\377\000C\000I\000R\000\040\000s\000p\000e\000c\000i\000a\000l\000\040\000f\000u\000n\000c\000t\000i\000o\000n\000s\000\040\000a\000n\000d\000\040\000t\000h\000e\000\040\000c\000o\000r\000r\000e\000c\000t\000e\000d\000\040\000r\000e\000d\000u\000c\000t\000i\000o\000n}{section.4}% 15
\BOOKMARK [1][-]{section.5}{\376\377\000M\000i\000x\000e\000d\000\040\000c\000o\000p\000u\000l\000a\000\040\000f\000a\000m\000i\000l\000i\000e\000s\000\040\000a\000s\000\040\000s\000t\000a\000t\000i\000o\000n\000a\000r\000y\000\040\000r\000e\000s\000e\000t\000s}{}% 16
\BOOKMARK [2][-]{subsection.5.1}{\376\377\000T\000r\000a\000n\000s\000i\000t\000i\000o\000n\000-\000d\000e\000n\000s\000i\000t\000y\000\040\000c\000o\000n\000s\000t\000r\000u\000c\000t\000i\000o\000n\000\040\000a\000n\000d\000\040\000p\000r\000e\000s\000e\000r\000v\000a\000t\000i\000o\000n\000\040\000o\000f\000\040\000m\000e\000a\000n\000\040\000r\000e\000v\000e\000r\000s\000i\000o\000n}{section.5}% 17
\BOOKMARK [2][-]{subsection.5.2}{\376\377\000P\000o\000i\000s\000s\000o\000n\000\040\000r\000e\000a\000l\000i\000z\000a\000t\000i\000o\000n}{section.5}% 18
\BOOKMARK [1][-]{section.6}{\376\377\000R\000i\000s\000k\000-\000n\000e\000u\000t\000r\000a\000l\000\040\000b\000o\000n\000d\000\040\000p\000r\000i\000c\000i\000n\000g\000\040\000w\000i\000t\000h\000\040\000r\000e\000s\000e\000t\000\040\000r\000i\000s\000k}{}% 19
\BOOKMARK [1][-]{section.7}{\376\377\000E\000m\000b\000e\000d\000d\000i\000n\000g\000\040\000o\000f\000\040\000t\000h\000e\000\040\000e\000m\000p\000i\000r\000i\000c\000a\000l\000\040\000s\000p\000e\000c\000i\000f\000i\000c\000a\000t\000i\000o\000n\000s}{}% 20
\BOOKMARK [2][-]{subsection.7.1}{\376\377\000F\000u\000r\000t\000h\000e\000r\000\040\000f\000o\000r\000m\000u\000l\000a\000s\000\040\000f\000o\000r\000\040\000t\000h\000e\000\040\000e\000x\000t\000e\000n\000s\000i\000o\000n\000\040\000c\000l\000a\000s\000s\000e\000s}{section.7}% 21
\BOOKMARK [1][-]{section.8}{\376\377\000W\000h\000a\000t\000\040\000t\000h\000e\000\040\000c\000o\000r\000r\000e\000c\000t\000e\000d\000\040\000t\000h\000e\000o\000r\000y\000\040\000d\000o\000e\000s\000\040\000a\000n\000d\000\040\000d\000o\000e\000s\000\040\000n\000o\000t\000\040\000c\000l\000a\000i\000m}{}% 22
\BOOKMARK [1][-]{appendix.A}{\376\377\000D\000e\000t\000a\000i\000l\000e\000d\000\040\000p\000r\000o\000o\000f\000s}{}% 23
\BOOKMARK [2][-]{subsection.A.1}{\376\377\000S\000h\000o\000r\000t\000-\000t\000i\000m\000e\000\040\000k\000e\000r\000n\000e\000l\000s\000\040\000a\000c\000t\000i\000n\000g\000\040\000o\000n\000\040\000m\000o\000v\000i\000n\000g\000\040\000f\000u\000n\000c\000t\000i\000o\000n\000s}{appendix.A}% 24
\BOOKMARK [2][-]{subsection.A.2}{\376\377\000F\000u\000l\000l\000\040\000i\000n\000t\000e\000g\000r\000a\000l\000\040\000p\000r\000o\000o\000f\000\040\000o\000f\000\040\000t\000h\000e\000\040\000q\000u\000a\000n\000t\000i\000l\000e\040\023\000g\000e\000n\000e\000r\000a\000t\000o\000r\000\040\000d\000r\000i\000f\000t\000\040\000i\000d\000e\000n\000t\000i\000t\000y}{appendix.A}% 25
\BOOKMARK [2][-]{subsection.A.3}{\376\377\000C\000o\000n\000d\000i\000t\000i\000o\000n\000a\000l\000\040\000e\000x\000p\000e\000c\000t\000a\000t\000i\000o\000n\000s\000\040\000a\000n\000d\000\040\000o\000b\000s\000e\000r\000v\000a\000b\000l\000e\000\040\000t\000r\000a\000n\000s\000i\000t\000i\000o\000n\000\040\000d\000e\000n\000s\000i\000t\000i\000e\000s}{appendix.A}% 26
\BOOKMARK [2][-]{subsection.A.4}{\376\377\000T\000h\000e\000\040\000g\000e\000n\000e\000r\000a\000t\000o\000r\000\040\000m\000a\000r\000t\000i\000n\000g\000a\000l\000e\000\040\000t\000h\000e\000o\000r\000e\000m\000\040\000a\000n\000d\000\040\000r\000e\000s\000c\000a\000l\000i\000n\000g\000\040\000P\000D\000E}{appendix.A}% 27
\BOOKMARK [2][-]{subsection.A.5}{\376\377\000D\000i\000f\000f\000u\000s\000i\000o\000n\000\040\000t\000r\000a\000n\000s\000f\000o\000r\000m\000s\000\040\000a\000n\000d\000\040\000r\000e\000s\000e\000t\000\040\000m\000i\000x\000t\000u\000r\000e\000s}{appendix.A}% 28
