**
(theory_correction_comparison.tex
LaTeX2e <2021-11-15> patch level 1
L3 programming layer <2022-02-24> (ctexart.cls (ctexbackend.cfg
File: ctexbackend.cfg 2021/12/12 v2.5.8 Backend configuration file (CTEX)
) (expl3.sty
Package: expl3 2022-02-24 L3 programming layer (loader) 

(l3backend-xetex.def
File: l3backend-xetex.def 2022-02-07 L3 backend support: XeTeX
\c__kernel_sys_dvipdfmx_version_int=\count181
\l__color_backend_stack_int=\count182
\g__color_backend_stack_int=\count183
\g__graphics_track_int=\count184
\l__pdf_internal_box=\box50
\g__pdf_backend_object_int=\count185
\g__pdf_backend_annotation_int=\count186
\g__pdf_backend_link_int=\count187
))
Document Class: ctexart 2021/12/12 v2.5.8 Chinese adapter for class article (CT
EX)
(xparse.sty
Package: xparse 2022-01-12 L3 Experimental document command parser
) (l3keys2e.sty
Package: l3keys2e 2022-01-12 LaTeX2e option processing using LaTeX3 keys
) (ctexhook.sty
Package: ctexhook 2021/12/12 v2.5.8 Document and package hooks (CTEX)
) (ctexpatch.sty
Package: ctexpatch 2021/12/12 v2.5.8 Patching commands (CTEX)
) (fix-cm.sty
Package: fix-cm 2020/11/24 v1.1t fixes to LaTeX

(ts1enc.def
File: ts1enc.def 2001/06/05 v3.0e (jk/car/fm) Standard LaTeX file
LaTeX Font Info:    Redeclaring font encoding TS1 on input line 47.
))
\l__ctex_tmp_int=\count188
\l__ctex_tmp_box=\box51
\l__ctex_tmp_dim=\dimen138
\g__ctex_section_depth_int=\count189
\g__ctex_font_size_int=\count190
 (ctexopts.cfg
File: ctexopts.cfg 2021/12/12 v2.5.8 Option configuration file (CTEX)
) (article.cls
Document Class: article 2021/10/04 v1.4n Standard LaTeX document class
(size11.clo
File: size11.clo 2021/10/04 v1.4n Standard LaTeX file (size option)
)
\c@part=\count191
\c@section=\count192
\c@subsection=\count193
\c@subsubsection=\count194
\c@paragraph=\count195
\c@subparagraph=\count196
\c@figure=\count197
\c@table=\count198
\abovecaptionskip=\skip47
\belowcaptionskip=\skip48
\bibindent=\dimen139
) (ctex-engine-xetex.def
File: ctex-engine-xetex.def 2021/12/12 v2.5.8 XeLaTeX adapter (CTEX)
 (xeCJK.sty
Package: xeCJK 2021/12/12 v3.8.8 Typesetting CJK scripts with XeLaTeX
 (xtemplate.sty
Package: xtemplate 2022-01-12 L3 Experimental prototype document functions
\l__xtemplate_tmp_dim=\dimen140
\l__xtemplate_tmp_int=\count199
\l__xtemplate_tmp_muskip=\muskip16
\l__xtemplate_tmp_skip=\skip49
)
\l__xeCJK_tmp_int=\count266
\l__xeCJK_tmp_box=\box52
\l__xeCJK_tmp_dim=\dimen141
\l__xeCJK_tmp_skip=\skip50
\g__xeCJK_space_factor_int=\count267
\l__xeCJK_begin_int=\count268
\l__xeCJK_end_int=\count269
\c__xeCJK_CJK_class_int=\XeTeXcharclass1
\c__xeCJK_FullLeft_class_int=\XeTeXcharclass2
\c__xeCJK_FullRight_class_int=\XeTeXcharclass3
\c__xeCJK_HalfLeft_class_int=\XeTeXcharclass4
\c__xeCJK_HalfRight_class_int=\XeTeXcharclass5
\c__xeCJK_NormalSpace_class_int=\XeTeXcharclass6
\c__xeCJK_CM_class_int=\XeTeXcharclass7
\c__xeCJK_HangulJamo_class_int=\XeTeXcharclass8
\l__xeCJK_last_skip=\skip51
\g__xeCJK_node_int=\count270
\c__xeCJK_CJK_node_dim=\dimen142
\c__xeCJK_CJK-space_node_dim=\dimen143
\c__xeCJK_default_node_dim=\dimen144
\c__xeCJK_default-space_node_dim=\dimen145
\c__xeCJK_CJK-widow_node_dim=\dimen146
\c__xeCJK_normalspace_node_dim=\dimen147
\l__xeCJK_ccglue_skip=\skip52
\l__xeCJK_ecglue_skip=\skip53
\l__xeCJK_punct_kern_skip=\skip54
\l__xeCJK_last_penalty_int=\count271
\l__xeCJK_last_bound_dim=\dimen148
\l__xeCJK_last_kern_dim=\dimen149
\l__xeCJK_widow_penalty_int=\count272

Package xtemplate Info: Declaring object type 'xeCJK/punctuation' taking 0
(xtemplate)             argument(s) on line 2337.

\l__xeCJK_fixed_punct_width_dim=\dimen150
\l__xeCJK_mixed_punct_width_dim=\dimen151
\l__xeCJK_middle_punct_width_dim=\dimen152
\l__xeCJK_fixed_margin_width_dim=\dimen153
\l__xeCJK_mixed_margin_width_dim=\dimen154
\l__xeCJK_middle_margin_width_dim=\dimen155
\l__xeCJK_bound_punct_width_dim=\dimen156
\l__xeCJK_bound_margin_width_dim=\dimen157
\l__xeCJK_margin_minimum_dim=\dimen158
\l__xeCJK_kerning_total_width_dim=\dimen159
\l__xeCJK_same_align_margin_dim=\dimen160
\l__xeCJK_different_align_margin_dim=\dimen161
\l__xeCJK_kerning_margin_width_dim=\dimen162
\l__xeCJK_kerning_margin_minimum_dim=\dimen163
\l__xeCJK_bound_dim=\dimen164
\l__xeCJK_reverse_bound_dim=\dimen165
\l__xeCJK_margin_dim=\dimen166
\l__xeCJK_minimum_bound_dim=\dimen167
\l__xeCJK_kerning_margin_dim=\dimen168
\g__xeCJK_family_int=\count273
\l__xeCJK_fam_int=\count274
\g__xeCJK_fam_allocation_int=\count275
\l__xeCJK_verb_case_int=\count276
\l__xeCJK_verb_exspace_skip=\skip55
 (fontspec.sty
Package: fontspec 2022/01/15 v2.8a Font selection for XeLaTeX and LuaLaTeX

(fontspec-xetex.sty
Package: fontspec-xetex 2022/01/15 v2.8a Font selection for XeLaTeX and LuaLaTe
X
\l__fontspec_script_int=\count277
\l__fontspec_language_int=\count278
\l__fontspec_strnum_int=\count279
\l__fontspec_tmp_int=\count280
\l__fontspec_tmpa_int=\count281
\l__fontspec_tmpb_int=\count282
\l__fontspec_tmpc_int=\count283
\l__fontspec_em_int=\count284
\l__fontspec_emdef_int=\count285
\l__fontspec_strong_int=\count286
\l__fontspec_strongdef_int=\count287
\l__fontspec_tmpa_dim=\dimen169
\l__fontspec_tmpb_dim=\dimen170
\l__fontspec_tmpc_dim=\dimen171
 (fontenc.sty
Package: fontenc 2021/04/29 v2.0v Standard LaTeX package
) (fontspec.cfg))) (xeCJK.cfg
File: xeCJK.cfg 2021/12/12 v3.8.8 Configuration file for xeCJK package
))
\ccwd=\dimen172
\l__ctex_ccglue_skip=\skip56
)
\l__ctex_ziju_dim=\dimen173
 (zhnumber.sty
Package: zhnumber 2020/05/01 v2.8 Typesetting numbers with Chinese glyphs
\l__zhnum_scale_int=\count288

(zhnumber-utf8.cfg
File: zhnumber-utf8.cfg 2020/05/01 v2.8 Chinese numerals with UTF8 encoding
))
\l__ctex_heading_skip=\skip57
 (ctex-scheme-chinese-article.def
File: ctex-scheme-chinese-article.def 2021/12/12 v2.5.8 Chinese scheme for arti
cle (CTEX)
 (ctex-name-utf8.cfg
File: ctex-name-utf8.cfg 2021/12/12 v2.5.8 Caption with encoding UTF-8 (CTEX)
))
(ctex-fontset-fandol.def
File: ctex-fontset-fandol.def 2021/12/12 v2.5.8 Fandol fonts definition (CTEX)

Package fontspec Info: Font family 'FandolSong-Regular(0)' created for font
(fontspec)             'FandolSong-Regular' with options
(fontspec)             [Script={CJK},Extension={.otf},BoldFont={FandolSong-Bold
},ItalicFont={FandolKai-Regular}].
(fontspec)              
(fontspec)              This font family consists of the following NFSS
(fontspec)             series/shapes:
(fontspec)              
(fontspec)             - 'normal' (m/n) with NFSS spec.:
(fontspec)             <->"[FandolSong-Regular.otf]/OT:script=hani;language=dfl
t;"
(fontspec)             - 'small caps'  (m/sc) with NFSS spec.: 
(fontspec)             - 'bold' (b/n) with NFSS spec.:
(fontspec)             <->"[FandolSong-Bold.otf]/OT:script=hani;language=dflt;"

(fontspec)             - 'bold small caps'  (b/sc) with NFSS spec.: 
(fontspec)             - 'italic' (m/it) with NFSS spec.:
(fontspec)             <->"[FandolKai-Regular.otf]/OT:script=hani;language=dflt
;"
(fontspec)             - 'italic small caps'  (m/scit) with NFSS spec.: 

)) (ctex.cfg
File: ctex.cfg 2021/12/12 v2.5.8 Configuration file (CTEX)
) (geometry.sty
Package: geometry 2020/01/02 v5.9 Page Geometry
 (keyval.sty
Package: keyval 2014/10/28 v1.15 key=value parser (DPC)
\KV@toks@=\toks16
) (ifvtex.sty
Package: ifvtex 2019/10/25 v1.7 ifvtex legacy package. Use iftex instead.

(iftex.sty
Package: iftex 2022/02/03 v1.0f TeX engine tests
))
\Gm@cnth=\count289
\Gm@cntv=\count290
\c@Gm@tempcnt=\count291
\Gm@bindingoffset=\dimen174
\Gm@wd@mp=\dimen175
\Gm@odd@mp=\dimen176
\Gm@even@mp=\dimen177
\Gm@layoutwidth=\dimen178
\Gm@layoutheight=\dimen179
\Gm@layouthoffset=\dimen180
\Gm@layoutvoffset=\dimen181
\Gm@dimlist=\toks17
) (amsmath.sty
Package: amsmath 2021/10/15 v2.17l AMS math features
\@mathmargin=\skip58

For additional information on amsmath, use the `?' option.
(amstext.sty
Package: amstext 2021/08/26 v2.01 AMS text
 (amsgen.sty
File: amsgen.sty 1999/11/30 v2.0 generic functions
\@emptytoks=\toks18
\ex@=\dimen182
)) (amsbsy.sty
Package: amsbsy 1999/11/29 v1.2d Bold Symbols
\pmbraise@=\dimen183
) (amsopn.sty
Package: amsopn 2021/08/26 v2.02 operator names
)
\inf@bad=\count292
LaTeX Info: Redefining \frac on input line 234.
\uproot@=\count293
\leftroot@=\count294
LaTeX Info: Redefining \overline on input line 399.
\classnum@=\count295
\DOTSCASE@=\count296
LaTeX Info: Redefining \ldots on input line 496.
LaTeX Info: Redefining \dots on input line 499.
LaTeX Info: Redefining \cdots on input line 620.
\Mathstrutbox@=\box53
\strutbox@=\box54
\big@size=\dimen184
LaTeX Font Info:    Redeclaring font encoding OML on input line 743.
LaTeX Font Info:    Redeclaring font encoding OMS on input line 744.
\macc@depth=\count297
\c@MaxMatrixCols=\count298
\dotsspace@=\muskip17
\c@parentequation=\count299
\dspbrk@lvl=\count300
\tag@help=\toks19
\row@=\count301
\column@=\count302
\maxfields@=\count303
\andhelp@=\toks20
\eqnshift@=\dimen185
\alignsep@=\dimen186
\tagshift@=\dimen187
\tagwidth@=\dimen188
\totwidth@=\dimen189
\lineht@=\dimen190
\@envbody=\toks21
\multlinegap=\skip59
\multlinetaggap=\skip60
\mathdisplay@stack=\toks22
LaTeX Info: Redefining \[ on input line 2938.
LaTeX Info: Redefining \] on input line 2939.
) (amssymb.sty
Package: amssymb 2013/01/14 v3.01 AMS font symbols

(amsfonts.sty
Package: amsfonts 2013/01/14 v3.01 Basic AMSFonts support
\symAMSa=\mathgroup4
\symAMSb=\mathgroup5
LaTeX Font Info:    Redeclaring math symbol \hbar on input line 98.
LaTeX Font Info:    Overwriting math alphabet `\mathfrak' in version `bold'
(Font)                  U/euf/m/n --> U/euf/b/n on input line 106.
)) (mathtools.sty
Package: mathtools 2022/02/07 v1.28a mathematical typesetting tools
 (calc.sty
Package: calc 2017/05/25 v4.3 Infix arithmetic (KKT,FJ)
\calc@Acount=\count304
\calc@Bcount=\count305
\calc@Adimen=\dimen191
\calc@Bdimen=\dimen192
\calc@Askip=\skip61
\calc@Bskip=\skip62
LaTeX Info: Redefining \setlength on input line 80.
LaTeX Info: Redefining \addtolength on input line 81.
\calc@Ccount=\count306
\calc@Cskip=\skip63
) (mhsetup.sty
Package: mhsetup 2021/03/18 v1.4 programming setup (MH)
)
\g_MT_multlinerow_int=\count307
\l_MT_multwidth_dim=\dimen193
\origjot=\skip64
\l_MT_shortvdotswithinadjustabove_dim=\dimen194
\l_MT_shortvdotswithinadjustbelow_dim=\dimen195
\l_MT_above_intertext_sep=\dimen196
\l_MT_below_intertext_sep=\dimen197
\l_MT_above_shortintertext_sep=\dimen198
\l_MT_below_shortintertext_sep=\dimen199
\xmathstrut@box=\box55
\xmathstrut@dim=\dimen256
) (mathrsfs.sty
Package: mathrsfs 1996/01/01 Math RSFS package v1.0 (jk)
\symrsfs=\mathgroup6
)
(booktabs.sty
Package: booktabs 2020/01/12 v1.61803398 Publication quality tables
\heavyrulewidth=\dimen257
\lightrulewidth=\dimen258
\cmidrulewidth=\dimen259
\belowrulesep=\dimen260
\belowbottomsep=\dimen261
\aboverulesep=\dimen262
\abovetopsep=\dimen263
\cmidrulesep=\dimen264
\cmidrulekern=\dimen265
\defaultaddspace=\dimen266
\@cmidla=\count308
\@cmidlb=\count309
\@aboverulesep=\dimen267
\@belowrulesep=\dimen268
\@thisruleclass=\count310
\@lastruleclass=\count311
\@thisrulewidth=\dimen269
) (longtable.sty
Package: longtable 2021-09-01 v4.17 Multi-page Table package (DPC)
\LTleft=\skip65
\LTright=\skip66
\LTpre=\skip67
\LTpost=\skip68
\LTchunksize=\count312
\LTcapwidth=\dimen270
\LT@head=\box56
\LT@firsthead=\box57
\LT@foot=\box58
\LT@lastfoot=\box59
\LT@gbox=\box60
\LT@cols=\count313
\LT@rows=\count314
\c@LT@tables=\count315
\c@LT@chunks=\count316
\LT@p@ftn=\toks23
) (tabularx.sty
Package: tabularx 2020/01/15 v2.11c `tabularx' package (DPC)
 (array.sty
Package: array 2021/10/04 v2.5f Tabular extension package (FMi)
\col@sep=\dimen271
\ar@mcellbox=\box61
\extrarowheight=\dimen272
\NC@list=\toks24
\extratabsurround=\skip69
\backup@length=\skip70
\ar@cellbox=\box62
)
\TX@col@width=\dimen273
\TX@old@table=\dimen274
\TX@old@col=\dimen275
\TX@target=\dimen276
\TX@delta=\dimen277
\TX@cols=\count317
\TX@ftn=\toks25
) (enumitem.sty
Package: enumitem 2019/06/20 v3.9 Customized lists
\labelindent=\skip71
\enit@outerparindent=\dimen278
\enit@toks=\toks26
\enit@inbox=\box63
\enit@count@id=\count318
\enitdp@description=\count319
)
(xcolor.sty
Package: xcolor 2021/10/31 v2.13 LaTeX color extensions (UK)
 (color.cfg
File: color.cfg 2016/01/02 v1.6 sample color configuration
)
Package xcolor Info: Driver file: xetex.def on input line 227.
 (xetex.def
File: xetex.def 2021/03/18 v5.0k Graphics/color driver for xetex
)
Package xcolor Info: Model `cmy' substituted by `cmy0' on input line 1352.
Package xcolor Info: Model `RGB' extended on input line 1368.
Package xcolor Info: Model `HTML' substituted by `rgb' on input line 1370.
Package xcolor Info: Model `Hsb' substituted by `hsb' on input line 1371.
Package xcolor Info: Model `tHsb' substituted by `hsb' on input line 1372.
Package xcolor Info: Model `HSB' substituted by `hsb' on input line 1373.
Package xcolor Info: Model `Gray' substituted by `gray' on input line 1374.
Package xcolor Info: Model `wave' substituted by `hsb' on input line 1375.
) (hyperref.sty
Package: hyperref 2022-02-21 v7.00n Hypertext links for LaTeX
 (ltxcmds.sty
Package: ltxcmds 2020-05-10 v1.25 LaTeX kernel commands for general use (HO)
)
(pdftexcmds.sty
Package: pdftexcmds 2020-06-27 v0.33 Utility functions of pdfTeX for LuaTeX (HO
)
 (infwarerr.sty
Package: infwarerr 2019/12/03 v1.5 Providing info/warning/error messages (HO)
)
Package pdftexcmds Info: \pdf@primitive is available.
Package pdftexcmds Info: \pdf@ifprimitive is available.
Package pdftexcmds Info: \pdfdraftmode not found.
) (kvsetkeys.sty
Package: kvsetkeys 2019/12/15 v1.18 Key value parser (HO)
) (kvdefinekeys.sty
Package: kvdefinekeys 2019-12-19 v1.6 Define keys (HO)
)
(pdfescape.sty
Package: pdfescape 2019/12/09 v1.15 Implements pdfTeX's escape features (HO)
) (hycolor.sty
Package: hycolor 2020-01-27 v1.10 Color options for hyperref/bookmark (HO)
) (letltxmacro.sty
Package: letltxmacro 2019/12/03 v1.6 Let assignment for LaTeX macros (HO)
) (auxhook.sty
Package: auxhook 2019-12-17 v1.6 Hooks for auxiliary files (HO)
) (kvoptions.sty
Package: kvoptions 2020-10-07 v3.14 Key value format for package options (HO)
)
\@linkdim=\dimen279
\Hy@linkcounter=\count320
\Hy@pagecounter=\count321

(pd1enc.def
File: pd1enc.def 2022-02-21 v7.00n Hyperref: PDFDocEncoding definition (HO)
) (intcalc.sty
Package: intcalc 2019/12/15 v1.3 Expandable calculations with integers (HO)
) (etexcmds.sty
Package: etexcmds 2019/12/15 v1.7 Avoid name clashes with e-TeX commands (HO)
)
\Hy@SavedSpaceFactor=\count322
 (puenc.def
File: puenc.def 2022-02-21 v7.00n Hyperref: PDF Unicode definition (HO)
)
Package hyperref Info: Option `unicode' set `true' on input line 4018.
Package hyperref Info: Hyper figures OFF on input line 4137.
Package hyperref Info: Link nesting OFF on input line 4142.
Package hyperref Info: Hyper index ON on input line 4145.
Package hyperref Info: Plain pages OFF on input line 4152.
Package hyperref Info: Backreferencing OFF on input line 4157.
Package hyperref Info: Implicit mode ON; LaTeX internals redefined.
Package hyperref Info: Bookmarks ON on input line 4390.
\c@Hy@tempcnt=\count323
 (url.sty
\Urlmuskip=\muskip18
Package: url 2013/09/16  ver 3.4  Verb mode for urls, etc.
)
LaTeX Info: Redefining \url on input line 4749.
\XeTeXLinkMargin=\dimen280
 (bitset.sty
Package: bitset 2019/12/09 v1.3 Handle bit-vector datatype (HO)

(bigintcalc.sty
Package: bigintcalc 2019/12/15 v1.5 Expandable calculations on big integers (HO
)
))
\Fld@menulength=\count324
\Field@Width=\dimen281
\Fld@charsize=\dimen282
Package hyperref Info: Hyper figures OFF on input line 6027.
Package hyperref Info: Link nesting OFF on input line 6032.
Package hyperref Info: Hyper index ON on input line 6035.
Package hyperref Info: backreferencing OFF on input line 6042.
Package hyperref Info: Link coloring OFF on input line 6047.
Package hyperref Info: Link coloring with OCG OFF on input line 6052.
Package hyperref Info: PDF/A mode OFF on input line 6057.
LaTeX Info: Redefining \ref on input line 6097.
LaTeX Info: Redefining \pageref on input line 6101.
 (atbegshi-ltx.sty
Package: atbegshi-ltx 2021/01/10 v1.0c Emulation of the original atbegshi
package with kernel methods
)
\Hy@abspage=\count325
\c@Item=\count326
\c@Hfootnote=\count327
)
Package hyperref Info: Driver (autodetected): hxetex.
 (hxetex.def
File: hxetex.def 2022-02-21 v7.00n Hyperref driver for XeTeX
 (stringenc.sty
Package: stringenc 2019/11/29 v1.12 Convert strings between diff. encodings (HO
)
)
\pdfm@box=\box64
\c@Hy@AnnotLevel=\count328
\HyField@AnnotCount=\count329
\Fld@listcount=\count330
\c@bookmark@seq@number=\count331

(rerunfilecheck.sty
Package: rerunfilecheck 2019/12/05 v1.9 Rerun checks for auxiliary files (HO)
 (atveryend-ltx.sty
Package: atveryend-ltx 2020/08/19 v1.0a Emulation of the original atveryend pac
kage
with kernel methods
) (uniquecounter.sty
Package: uniquecounter 2019/12/15 v1.4 Provide unlimited unique counter (HO)
)
Package uniquecounter Info: New unique counter `rerunfilecheck' on input line 2
86.
)
\Hy@SectionHShift=\skip72
) (microtype.sty
Package: microtype 2022/03/14 v3.0d Micro-typographical refinements (RS)

(etoolbox.sty
Package: etoolbox 2020/10/05 v2.5k e-TeX tools for LaTeX (JAW)
\etb@tempcnta=\count332
)
\MT@toks=\toks27
\MT@tempbox=\box65
\MT@count=\count333
LaTeX Info: Redefining \noprotrusionifhmode on input line 1027.
LaTeX Info: Redefining \leftprotrusion on input line 1028.
LaTeX Info: Redefining \rightprotrusion on input line 1036.
LaTeX Info: Redefining \textls on input line 1195.
\MT@outer@kern=\dimen283
LaTeX Info: Redefining \textmicrotypecontext on input line 1781.
\MT@listname@count=\count334
 (microtype-xetex.def
File: microtype-xetex.def 2022/03/14 v3.0d Definitions specific to xetex (RS)
LaTeX Info: Redefining \lsstyle on input line 236.
)
Package microtype Info: Loading configuration file microtype.cfg.
 (microtype.cfg
File: microtype.cfg 2022/03/14 v3.0d microtype main configuration file (RS)
))
(theory_correction_comparison.aux)
\openout1 = `theory_correction_comparison.aux'.

LaTeX Font Info:    Checking defaults for OML/cmm/m/it on input line 33.
LaTeX Font Info:    ... okay on input line 33.
LaTeX Font Info:    Checking defaults for OMS/cmsy/m/n on input line 33.
LaTeX Font Info:    ... okay on input line 33.
LaTeX Font Info:    Checking defaults for OT1/cmr/m/n on input line 33.
LaTeX Font Info:    ... okay on input line 33.
LaTeX Font Info:    Checking defaults for T1/cmr/m/n on input line 33.
LaTeX Font Info:    ... okay on input line 33.
LaTeX Font Info:    Checking defaults for TS1/cmr/m/n on input line 33.
LaTeX Font Info:    ... okay on input line 33.
LaTeX Font Info:    Checking defaults for TU/lmr/m/n on input line 33.
LaTeX Font Info:    ... okay on input line 33.
LaTeX Font Info:    Checking defaults for OMX/cmex/m/n on input line 33.
LaTeX Font Info:    ... okay on input line 33.
LaTeX Font Info:    Checking defaults for U/cmr/m/n on input line 33.
LaTeX Font Info:    ... okay on input line 33.
LaTeX Font Info:    Checking defaults for PD1/pdf/m/n on input line 33.
LaTeX Font Info:    ... okay on input line 33.
LaTeX Font Info:    Checking defaults for PU/pdf/m/n on input line 33.
LaTeX Font Info:    ... okay on input line 33.

Package fontspec Info: Adjusting the maths setup (use [no-math] to avoid
(fontspec)             this).

\symlegacymaths=\mathgroup7
LaTeX Font Info:    Overwriting symbol font `legacymaths' in version `bold'
(Font)                  OT1/cmr/m/n --> OT1/cmr/bx/n on input line 33.
LaTeX Font Info:    Redeclaring math accent \acute on input line 33.
LaTeX Font Info:    Redeclaring math accent \grave on input line 33.
LaTeX Font Info:    Redeclaring math accent \ddot on input line 33.
LaTeX Font Info:    Redeclaring math accent \tilde on input line 33.
LaTeX Font Info:    Redeclaring math accent \bar on input line 33.
LaTeX Font Info:    Redeclaring math accent \breve on input line 33.
LaTeX Font Info:    Redeclaring math accent \check on input line 33.
LaTeX Font Info:    Redeclaring math accent \hat on input line 33.
LaTeX Font Info:    Redeclaring math accent \dot on input line 33.
LaTeX Font Info:    Redeclaring math accent \mathring on input line 33.
LaTeX Font Info:    Redeclaring math symbol \Gamma on input line 33.
LaTeX Font Info:    Redeclaring math symbol \Delta on input line 33.
LaTeX Font Info:    Redeclaring math symbol \Theta on input line 33.
LaTeX Font Info:    Redeclaring math symbol \Lambda on input line 33.
LaTeX Font Info:    Redeclaring math symbol \Xi on input line 33.
LaTeX Font Info:    Redeclaring math symbol \Pi on input line 33.
LaTeX Font Info:    Redeclaring math symbol \Sigma on input line 33.
LaTeX Font Info:    Redeclaring math symbol \Upsilon on input line 33.
LaTeX Font Info:    Redeclaring math symbol \Phi on input line 33.
LaTeX Font Info:    Redeclaring math symbol \Psi on input line 33.
LaTeX Font Info:    Redeclaring math symbol \Omega on input line 33.
LaTeX Font Info:    Redeclaring math symbol \mathdollar on input line 33.
LaTeX Font Info:    Redeclaring symbol font `operators' on input line 33.
LaTeX Font Info:    Encoding `OT1' has changed to `TU' for symbol font
(Font)              `operators' in the math version `normal' on input line 33.
LaTeX Font Info:    Overwriting symbol font `operators' in version `normal'
(Font)                  OT1/cmr/m/n --> TU/lmr/m/n on input line 33.
LaTeX Font Info:    Encoding `OT1' has changed to `TU' for symbol font
(Font)              `operators' in the math version `bold' on input line 33.
LaTeX Font Info:    Overwriting symbol font `operators' in version `bold'
(Font)                  OT1/cmr/bx/n --> TU/lmr/m/n on input line 33.
LaTeX Font Info:    Overwriting symbol font `operators' in version `normal'
(Font)                  TU/lmr/m/n --> TU/lmr/m/n on input line 33.
LaTeX Font Info:    Overwriting math alphabet `\mathit' in version `normal'
(Font)                  OT1/cmr/m/it --> TU/lmr/m/it on input line 33.
LaTeX Font Info:    Overwriting math alphabet `\mathbf' in version `normal'
(Font)                  OT1/cmr/bx/n --> TU/lmr/b/n on input line 33.
LaTeX Font Info:    Overwriting math alphabet `\mathsf' in version `normal'
(Font)                  OT1/cmss/m/n --> TU/lmss/m/n on input line 33.
LaTeX Font Info:    Overwriting math alphabet `\mathtt' in version `normal'
(Font)                  OT1/cmtt/m/n --> TU/lmtt/m/n on input line 33.
LaTeX Font Info:    Overwriting symbol font `operators' in version `bold'
(Font)                  TU/lmr/m/n --> TU/lmr/b/n on input line 33.
LaTeX Font Info:    Overwriting math alphabet `\mathit' in version `bold'
(Font)                  OT1/cmr/bx/it --> TU/lmr/b/it on input line 33.
LaTeX Font Info:    Overwriting math alphabet `\mathsf' in version `bold'
(Font)                  OT1/cmss/bx/n --> TU/lmss/b/n on input line 33.
LaTeX Font Info:    Overwriting math alphabet `\mathtt' in version `bold'
(Font)                  OT1/cmtt/m/n --> TU/lmtt/b/n on input line 33.

*geometry* driver: auto-detecting
*geometry* detected driver: xetex
*geometry* verbose mode - [ preamble ] result:
* driver: xetex
* paper: a4paper
* layout: <same size as paper>
* layoutoffset:(h,v)=(0.0pt,0.0pt)
* modes: 
* h-part:(L,W,R)=(61.17325pt, 475.16138pt, 61.17325pt)
* v-part:(T,H,B)=(61.17325pt, 722.70035pt, 61.17325pt)
* \paperwidth=597.50787pt
* \paperheight=845.04684pt
* \textwidth=475.16138pt
* \textheight=722.70035pt
* \oddsidemargin=-11.09674pt
* \evensidemargin=-11.09674pt
* \topmargin=-48.09674pt
* \headheight=12.0pt
* \headsep=25.0pt
* \topskip=11.0pt
* \footskip=30.0pt
* \marginparwidth=59.0pt
* \marginparsep=10.0pt
* \columnsep=10.0pt
* \skip\footins=10.0pt plus 4.0pt minus 2.0pt
* \hoffset=0.0pt
* \voffset=0.0pt
* \mag=1000
* \@twocolumnfalse
* \@twosidefalse
* \@mparswitchfalse
* \@reversemarginfalse
* (1in=72.27pt=25.4mm, 1cm=28.453pt)

(graphicx.sty
Package: graphicx 2021/09/16 v1.2d Enhanced LaTeX Graphics (DPC,SPQR)
 (graphics.sty
Package: graphics 2021/03/04 v1.4d Standard LaTeX Graphics (DPC,SPQR)
 (trig.sty
Package: trig 2021/08/11 v1.11 sin cos tan (DPC)
) (graphics.cfg
File: graphics.cfg 2016/06/04 v1.11 sample graphics configuration
)
Package graphics Info: Driver file: xetex.def on input line 107.
)
\Gin@req@height=\dimen284
\Gin@req@width=\dimen285
)
Package hyperref Info: Link coloring OFF on input line 33.
 (nameref.sty
Package: nameref 2021-04-02 v2.47 Cross-referencing by name of section

(refcount.sty
Package: refcount 2019/12/15 v3.6 Data extraction from label references (HO)
) (gettitlestring.sty
Package: gettitlestring 2019/12/15 v1.6 Cleanup title references (HO)
)
\c@section@level=\count335
)
LaTeX Info: Redefining \ref on input line 33.
LaTeX Info: Redefining \pageref on input line 33.
LaTeX Info: Redefining \nameref on input line 33.
 (theory_correction_comparison.out)
(theory_correction_comparison.out)
\@outlinefile=\write3
\openout3 = `theory_correction_comparison.out'.

LaTeX Info: Redefining \microtypecontext on input line 33.
Package microtype Info: Applying patch `item' on input line 33.
Package microtype Info: Applying patch `toc' on input line 33.
Package microtype Info: Applying patch `eqnum' on input line 33.
Package microtype Info: Applying patch `footnote' on input line 33.
Package microtype Info: Character protrusion enabled (level 2).
Package microtype Info: Using default protrusion set `alltext'.
Package microtype Info: No adjustment of tracking.
Package microtype Info: No adjustment of spacing.
Package microtype Info: No adjustment of kerning.
 (mt-LatinModernRoman.cfg
File: mt-LatinModernRoman.cfg 2021/02/21 v1.1 microtype config. file: Latin Mod
ern Roman (RS)
)
Package microtype Info: Loading generic protrusion settings for font family
(microtype)             `lmtt' (encoding: TU).
(microtype)             For optimal results, create family-specific settings.
(microtype)             See the microtype manual for details.

Package fontspec Info: Font family 'FandolFang-Regular(0)' created for font
(fontspec)             'FandolFang-Regular' with options
(fontspec)             [Script={CJK},Extension={.otf}].
(fontspec)              
(fontspec)              This font family consists of the following NFSS
(fontspec)             series/shapes:
(fontspec)              
(fontspec)             - 'normal' (m/n) with NFSS spec.:
(fontspec)             <->"[FandolFang-Regular.otf]/OT:script=hani;language=dfl
t;"
(fontspec)             - 'small caps'  (m/sc) with NFSS spec.: 

LaTeX Font Info:    Trying to load font information for U+msa on input line 35.

 (umsa.fd
File: umsa.fd 2013/01/14 v3.01 AMS symbols A
)
(mt-msa.cfg
File: mt-msa.cfg 2006/02/04 v1.1 microtype config. file: AMS symbols (a) (RS)
)
LaTeX Font Info:    Trying to load font information for U+msb on input line 35.

 (umsb.fd
File: umsb.fd 2013/01/14 v3.01 AMS symbols B
) (mt-msb.cfg
File: mt-msb.cfg 2005/06/01 v1.0 microtype config. file: AMS symbols (b) (RS)
)
LaTeX Font Info:    Trying to load font information for U+rsfs on input line 35
.
 (ursfs.fd
File: ursfs.fd 1998/03/24 rsfs font definition file (jk)
) (mt-cmr.cfg
File: mt-cmr.cfg 2013/05/19 v2.2 microtype config. file: Computer Modern Roman 
(RS)
) [1

]
Underfull \hbox (badness 10000) in paragraph at lines 94--94
[]|[]\TU/lmr/bx/n/10.95 B\TU/FandolSong-Regular(0)/b/n/10.95 ：|  可 由 中
 []


Underfull \hbox (badness 10000) in paragraph at lines 94--94
\TU/FandolSong-Regular(0)/b/n/10.95 文 原 稿 完 整
 []


Underfull \hbox (badness 10000) in paragraph at lines 95--95
[]|[]\TU/lmr/bx/n/10.95 C\TU/FandolSong-Regular(0)/b/n/10.95 ：|  须 补 充
 []


Underfull \hbox (badness 10000) in paragraph at lines 95--95
\TU/FandolSong-Regular(0)/b/n/10.95 定 义 或 条 件
 []


Underfull \hbox (badness 3826) in paragraph at lines 95--96
\TU/FandolSong-Regular(0)/m/n/10.95 几 乎 处 处 解 释；|  仅 有 二 元 星 一 致 性
 []


Underfull \hbox (badness 10000) in paragraph at lines 95--96
\TU/FandolSong-Regular(0)/m/n/10.95 不 足 以 判 定 一 个 既 有 过 程 的 全 部
 []


Underfull \hbox (badness 8170) in paragraph at lines 95--96
\TU/lmr/m/n/10.95 Kolmogorov \TU/FandolSong-Regular(0)/m/n/10.95 的 双 随 机 核 为 原 
始 对
 []


Underfull \hbox (badness 10000) in paragraph at lines 96--96
[]|[]\TU/lmr/bx/n/10.95 C\TU/FandolSong-Regular(0)/b/n/10.95 ：|  须 补 充
 []


Underfull \hbox (badness 10000) in paragraph at lines 96--96
\TU/FandolSong-Regular(0)/b/n/10.95 定 义 或 条 件
 []


Underfull \hbox (badness 10000) in paragraph at lines 97--97
[]|\TU/lmr/m/n/10.95 OU/CIR \TU/FandolSong-Regular(0)/m/n/10.95 定 义 及
 []


Underfull \hbox (badness 10000) in paragraph at lines 97--97
[]|[]\TU/lmr/bx/n/10.95 B\TU/FandolSong-Regular(0)/b/n/10.95 ：|  可 由 中
 []


Underfull \hbox (badness 10000) in paragraph at lines 97--97
\TU/FandolSong-Regular(0)/b/n/10.95 文 原 稿 完 整
 []


Underfull \hbox (badness 2310) in paragraph at lines 98--98
[]|\TU/FandolSong-Regular(0)/m/n/10.95 精 确 有 限 时 距 鞅 条
 []


Underfull \hbox (badness 10000) in paragraph at lines 98--98
[]|\TU/lmr/m/n/10.95 chap2:51–56\TU/FandolSong-Regular(0)/m/n/10.95 ，| \TU/lmr/
m/n/10.95 1161–
 []


Underfull \hbox (badness 10000) in paragraph at lines 98--98
[]|[]\TU/lmr/bx/n/10.95 C\TU/FandolSong-Regular(0)/b/n/10.95 ：|  须 补 充
 []


Underfull \hbox (badness 10000) in paragraph at lines 98--98
\TU/FandolSong-Regular(0)/b/n/10.95 定 义 或 条 件
 []


Underfull \hbox (badness 10000) in paragraph at lines 99--99
[]|[]\TU/lmr/bx/n/10.95 C\TU/FandolSong-Regular(0)/b/n/10.95 ：|  须 补 充
 []


Underfull \hbox (badness 10000) in paragraph at lines 99--99
\TU/FandolSong-Regular(0)/b/n/10.95 定 义 或 条 件
 []


Underfull \hbox (badness 10000) in paragraph at lines 99--100
[]|\TU/FandolSong-Regular(0)/m/n/10.95 可 恢 复 右 生 成 元 思 想；|  不 能 要 求
 []


Underfull \hbox (badness 3333) in paragraph at lines 99--100
\TU/FandolSong-Regular(0)/m/n/10.95 无 界 \TU/lmr/m/n/10.95 Normal/Gamma \TU/Fand
olSong-Regular(0)/m/n/10.95 分 位 数 属 于
 []


Underfull \hbox (badness 10000) in paragraph at lines 100--100
[]|\TU/lmr/m/n/10.95 chap2:112–118\TU/FandolSong-Regular(0)/m/n/10.95 ，|
 []


Underfull \hbox (badness 10000) in paragraph at lines 100--100
[]|[]\TU/lmr/bx/n/10.95 C\TU/FandolSong-Regular(0)/b/n/10.95 ：|  须 补 充
 []


Underfull \hbox (badness 10000) in paragraph at lines 100--100
\TU/FandolSong-Regular(0)/b/n/10.95 定 义 或 条 件
 []


Underfull \hbox (badness 10000) in paragraph at lines 100--101
[]|\TU/FandolSong-Regular(0)/m/n/10.95 公 式 形 式 正 确；|  证 明 分 母 有 笔 误，|
 []


Underfull \hbox (badness 10000) in paragraph at lines 101--101
[]|\TU/lmr/m/n/10.95 Brownian/time-
 []


Underfull \hbox (badness 10000) in paragraph at lines 101--101
[]|\TU/lmr/m/n/10.95 chap2:125–140\TU/FandolSong-Regular(0)/m/n/10.95 ，|
 []


Underfull \hbox (badness 10000) in paragraph at lines 101--101
[]|[]\TU/lmr/bx/n/10.95 C\TU/FandolSong-Regular(0)/b/n/10.95 ：|  须 补 充
 []


Underfull \hbox (badness 10000) in paragraph at lines 101--101
\TU/FandolSong-Regular(0)/b/n/10.95 定 义 或 条 件
 []


Underfull \hbox (badness 10000) in paragraph at lines 102--102
[]|\TU/lmr/m/n/10.95 chap2:154–162\TU/FandolSong-Regular(0)/m/n/10.95 ，|
 []


Underfull \hbox (badness 10000) in paragraph at lines 102--102
[]|[]\TU/lmr/bx/n/10.95 C\TU/FandolSong-Regular(0)/b/n/10.95 ：|  须 补 充
 []


Underfull \hbox (badness 10000) in paragraph at lines 102--102
\TU/FandolSong-Regular(0)/b/n/10.95 定 义 或 条 件
 []


Underfull \hbox (badness 10000) in paragraph at lines 104--104
[]|[]\TU/lmr/bx/n/10.95 B\TU/FandolSong-Regular(0)/b/n/10.95 ：|  可 由 中
 []


Underfull \hbox (badness 10000) in paragraph at lines 104--104
\TU/FandolSong-Regular(0)/b/n/10.95 文 原 稿 完 整
 []

LaTeX Font Info:    Font shape `TU/FandolSong-Regular(0)/m/sl' in size <10.95> 
not available
(Font)              Font shape `TU/FandolSong-Regular(0)/m/it' tried instead on
 input line 107.
[2]
Underfull \hbox (badness 10000) in paragraph at lines 120--120
[]|\TU/FandolSong-Regular(0)/m/n/10.95 同 时 表 示 均 值 回 复 目
 []


Underfull \hbox (badness 10000) in paragraph at lines 120--120
[]|[]\TU/lmr/bx/n/10.95 C\TU/FandolSong-Regular(0)/b/n/10.95 ：|  须 补 充
 []


Underfull \hbox (badness 10000) in paragraph at lines 120--120
\TU/FandolSong-Regular(0)/b/n/10.95 定 义 或 条 件
 []


Underfull \hbox (badness 10000) in paragraph at lines 121--121
[]|[]\TU/lmr/bx/n/10.95 C\TU/FandolSong-Regular(0)/b/n/10.95 ：|  须 补 充
 []


Underfull \hbox (badness 10000) in paragraph at lines 121--121
\TU/FandolSong-Regular(0)/b/n/10.95 定 义 或 条 件
 []


Underfull \hbox (badness 10000) in paragraph at lines 122--122
[]|[]\TU/lmr/bx/n/10.95 B\TU/FandolSong-Regular(0)/b/n/10.95 ：|  可 由 中
 []


Underfull \hbox (badness 10000) in paragraph at lines 122--122
\TU/FandolSong-Regular(0)/b/n/10.95 文 原 稿 完 整
 []


Underfull \hbox (badness 10000) in paragraph at lines 123--123
[]|[]\TU/lmr/bx/n/10.95 C\TU/FandolSong-Regular(0)/b/n/10.95 ：|  须 补 充
 []


Underfull \hbox (badness 10000) in paragraph at lines 123--123
\TU/FandolSong-Regular(0)/b/n/10.95 定 义 或 条 件
 []


Underfull \hbox (badness 10000) in paragraph at lines 124--124
[]|[]\TU/lmr/bx/n/10.95 B\TU/FandolSong-Regular(0)/b/n/10.95 ：|  可 由 中
 []


Underfull \hbox (badness 10000) in paragraph at lines 124--124
\TU/FandolSong-Regular(0)/b/n/10.95 文 原 稿 完 整
 []


Underfull \hbox (badness 10000) in paragraph at lines 125--125
[]|[]\TU/lmr/bx/n/10.95 C\TU/FandolSong-Regular(0)/b/n/10.95 ：|  须 补 充
 []


Underfull \hbox (badness 10000) in paragraph at lines 125--125
\TU/FandolSong-Regular(0)/b/n/10.95 定 义 或 条 件
 []


Underfull \hbox (badness 10000) in paragraph at lines 126--126
[]|[]\TU/lmr/bx/n/10.95 C\TU/FandolSong-Regular(0)/b/n/10.95 ：|  须 补 充
 []


Underfull \hbox (badness 10000) in paragraph at lines 126--126
\TU/FandolSong-Regular(0)/b/n/10.95 定 义 或 条 件
 []


Underfull \hbox (badness 10000) in paragraph at lines 126--127
[]|\TU/FandolSong-Regular(0)/m/n/10.95 使 用 边 缘 分 布 的 拓 扑 支 持 $\OML/cmm/m/it/10.
95 E[] \OT1/cmr/m/n/10.95 =
 []


Underfull \hbox (badness 10000) in paragraph at lines 127--127
[]|[]\TU/lmr/bx/n/10.95 C\TU/FandolSong-Regular(0)/b/n/10.95 ：|  须 补 充
 []


Underfull \hbox (badness 10000) in paragraph at lines 127--127
\TU/FandolSong-Regular(0)/b/n/10.95 定 义 或 条 件
 []


Underfull \hbox (badness 10000) in paragraph at lines 128--128
[]|[]\TU/lmr/bx/n/10.95 B\TU/FandolSong-Regular(0)/b/n/10.95 ：|  可 由 中
 []


Underfull \hbox (badness 10000) in paragraph at lines 128--128
\TU/FandolSong-Regular(0)/b/n/10.95 文 原 稿 完 整
 []


Underfull \hbox (badness 10000) in paragraph at lines 129--129
[]|\TU/FandolSong-Regular(0)/m/n/10.95 同 时 是 正 态 \TU/lmr/m/n/10.95 CDF \TU/Fand
olSong-Regular(0)/m/n/10.95 和
 []


Underfull \hbox (badness 10000) in paragraph at lines 129--129
[]|[]\TU/lmr/bx/n/10.95 B\TU/FandolSong-Regular(0)/b/n/10.95 ：|  可 由 中
 []


Underfull \hbox (badness 10000) in paragraph at lines 129--129
\TU/FandolSong-Regular(0)/b/n/10.95 文 原 稿 完 整
 []


Underfull \hbox (badness 1496) in paragraph at lines 129--130
[]|\TU/FandolSong-Regular(0)/m/n/10.95 正 态 \TU/lmr/m/n/10.95 CDF \TU/FandolSong
-Regular(0)/m/n/10.95 保 留 $\OT1/cmr/m/n/10.95 ^^H$\TU/FandolSong-Regular(0)/m/n
/10.95 ；| \TU/lmr/m/n/10.95 Kummer \TU/FandolSong-Regular(0)/m/n/10.95 解 写
 []


Underfull \hbox (badness 10000) in paragraph at lines 130--130
[]|[]\TU/lmr/bx/n/10.95 B\TU/FandolSong-Regular(0)/b/n/10.95 ：|  可 由 中
 []


Underfull \hbox (badness 10000) in paragraph at lines 130--130
\TU/FandolSong-Regular(0)/b/n/10.95 文 原 稿 完 整
 []


Underfull \hbox (badness 10000) in paragraph at lines 131--131
[]|[]\TU/lmr/bx/n/10.95 C\TU/FandolSong-Regular(0)/b/n/10.95 ：|  须 补 充
 []


Underfull \hbox (badness 10000) in paragraph at lines 131--131
\TU/FandolSong-Regular(0)/b/n/10.95 定 义 或 条 件
 []


Underfull \hbox (badness 2126) in paragraph at lines 132--132
[]|\TU/FandolSong-Regular(0)/m/n/10.95 连 续 变 量 事 件 通 常 概 率
 []


Underfull \hbox (badness 10000) in paragraph at lines 132--132
[]|[]\TU/lmr/bx/n/10.95 C\TU/FandolSong-Regular(0)/b/n/10.95 ：|  须 补 充
 []


Underfull \hbox (badness 10000) in paragraph at lines 132--132
\TU/FandolSong-Regular(0)/b/n/10.95 定 义 或 条 件
 []

[3] [4]
Underfull \hbox (badness 10000) in paragraph at lines 152--152
[]|\TU/lmr/m/n/10 Definition
 []


Underfull \hbox (badness 10000) in paragraph at lines 153--153
[]|\TU/lmtt/m/n/10 mean-reversion-
 []


Underfull \hbox (badness 10000) in paragraph at lines 155--155
[]|\TU/lmtt/m/n/10 mean-reversion-
 []


Underfull \hbox (badness 10000) in paragraph at lines 159--159
[]|\TU/lmr/m/n/10 Proposition
 []


Underfull \hbox (badness 10000) in paragraph at lines 159--159
\TU/lmtt/m/n/10 mean-reversion-
 []


Underfull \hbox (badness 1248) in paragraph at lines 159--160
\TU/FandolSong-Regular(0)/m/n/10 证 明 第 \TU/lmr/m/n/10 709 \TU/FandolSong-Regula
r(0)/m/n/10 行 把 漂 移 误 写 成 零；|  正 确 式 为
 []


Underfull \hbox (badness 10000) in paragraph at lines 160--160
[]|\TU/lmtt/m/n/10 mean-reversion-
 []


Underfull \hbox (badness 10000) in paragraph at lines 166--166
[]|\TU/lmr/m/n/10 Proposition
 []


Underfull \hbox (badness 10000) in paragraph at lines 166--166
\TU/lmtt/m/n/10 stationary
 []


Underfull \hbox (badness 10000) in paragraph at lines 167--167
[]|\TU/lmr/m/n/10 Proposition
 []


Underfull \hbox (badness 10000) in paragraph at lines 168--168
[]|\TU/lmtt/m/n/10 mean reversion
 []


Underfull \hbox (badness 10000) in paragraph at lines 170--170
[]|\TU/lmtt/m/n/10 y martingale
 []


Underfull \hbox (badness 10000) in paragraph at lines 172--172
[]|\TU/lmtt/m/n/10 mean reversion 
 []


Underfull \hbox (badness 10000) in paragraph at lines 173--173
[]|\TU/lmtt/m/n/10 mean reversion 
 []


Underfull \hbox (badness 4378) in paragraph at lines 173--174
[]|\TU/FandolSong-Regular(0)/m/n/10 这 是 强 均 值 回 复 的 精 确 \TU/lmr/m/n/10 Copula–\
TU/FandolSong-Regular(0)/m/n/10 分 位 数 条
 []


Underfull \hbox (badness 4913) in paragraph at lines 173--174
\TU/FandolSong-Regular(0)/m/n/10 件；|  密 度 不 存 在 时 把 $\OML/cmm/m/it/10 c[]\OT1/c
mr/m/n/10 (\OML/cmm/m/it/10 u; v\OT1/cmr/m/n/10 ) []\OML/cmm/m/it/10 v$ \TU/Fan
dolSong-Regular(0)/m/n/10 改 为 核
 []


Underfull \hbox (badness 10000) in paragraph at lines 176--176
[]|\TU/lmtt/m/n/10 mean reversion 
 []


Underfull \hbox (badness 10000) in paragraph at lines 177--177
[]|\TU/lmtt/m/n/10 OU copula
 []


Underfull \hbox (badness 10000) in paragraph at lines 181--181
[]|\TU/lmtt/m/n/10 OU example-2
 []


Underfull \hbox (badness 10000) in paragraph at lines 185--185
[]|\TU/lmr/m/n/10 Example \TU/lmtt/m/n/10 CIR
 []


Underfull \hbox (badness 10000) in paragraph at lines 189--189
[]|\TU/lmtt/m/n/10 CIR example-2
 []


Underfull \hbox (badness 10000) in paragraph at lines 191--191
[]|\TU/lmtt/m/n/10 CIR example-3
 []


Underfull \hbox (badness 6559) in paragraph at lines 194--194
[]|\TU/lmr/m/n/10 CIR \TU/FandolSong-Regular(0)/m/n/10 第 二 变 量 变 换
 []


Underfull \hbox (badness 10000) in paragraph at lines 196--196
[]|\TU/lmtt/m/n/10 mix copula
 []


Underfull \hbox (badness 10000) in paragraph at lines 198--198
[]|\TU/lmr/m/n/10 Proposition \TU/lmtt/m/n/10 mix
 []


Underfull \hbox (badness 10000) in paragraph at lines 198--198
\TU/lmtt/m/n/10 copula mean
 []


Underfull \hbox (badness 10000) in paragraph at lines 199--199
[]|\TU/lmr/m/n/10 Proposition \TU/lmtt/m/n/10 mix
 []


Underfull \hbox (badness 10000) in paragraph at lines 199--199
\TU/lmtt/m/n/10 mean reversion
 []


Underfull \hbox (badness 10000) in paragraph at lines 200--200
[]|\TU/lmtt/m/n/10 mean reversion
 []


Underfull \hbox (badness 10000) in paragraph at lines 202--202
[]|\TU/lmtt/m/n/10 mean reversion OU
 []


Underfull \hbox (badness 10000) in paragraph at lines 203--203
[]|\TU/lmr/m/n/10 Proposition \TU/lmtt/m/n/10 mix
 []


Underfull \hbox (badness 10000) in paragraph at lines 204--204
[]|\TU/lmtt/m/n/10 bond equation
 []


Underfull \hbox (badness 10000) in paragraph at lines 205--205
[]|\TU/lmtt/m/n/10 mix copula bond
 []

[5] [6] [7] [8] [9] [10] [11] [12] [13] [14] [15]
Underfull \hbox (badness 10000) in paragraph at lines 590--590
[]|\TU/lmr/m/n/8 ThresholdOU_
 []


Underfull \hbox (badness 10000) in paragraph at lines 594--594
[]|\TU/lmr/m/n/8 Exponential
 []


Underfull \hbox (badness 10000) in paragraph at lines 595--595
[]|\TU/lmr/m/n/8 SpecialFunction
 []


Underfull \hbox (badness 10000) in paragraph at lines 597--597
[]|\TU/lmr/m/n/8 Quadratic
 []


Underfull \hbox (badness 10000) in paragraph at lines 598--598
[]|\TU/lmr/m/n/8 Exponential
 []


Underfull \hbox (badness 10000) in paragraph at lines 599--599
[]|\TU/lmr/m/n/8 SpecialFunction
 []


Underfull \hbox (badness 10000) in paragraph at lines 607--607
[]|\TU/lmr/m/n/8 GaussianGamma
 []


Underfull \hbox (badness 10000) in paragraph at lines 608--608
[]|\TU/lmr/m/n/8 GaussianGamma
 []


Underfull \hbox (badness 10000) in paragraph at lines 612--612
[]|\TU/lmr/m/n/8 FullyTimeVarying
 []

[16] [17] (theory_correction_comparison.aux)
Package rerunfilecheck Info: File `theory_correction_comparison.out' has not ch
anged.
(rerunfilecheck)             Checksum: 74B237ADDC992FDB0A4A305C97F68EC6;2893.
 )
Output written on theory_correction_comparison.xdv (17 pages, 301644 bytes).
